[remover.zmo.ai/index4dd8.html]
[backblue.gif]
[fade.gif]
[index.html]
[remover.zmo.ai/favicon.ico]
[remover.zmo.ai/static/favicon.html]
[remover.zmo.ai/_next/static/css/3d2b26f138cf0605.css]
[remover.zmo.ai/_next/static/css/b1bbefbb9c259241.css]
[remover.zmo.ai/_next/static/chunks/polyfills-5cd94c89d3acac5f.js]
[remover.zmo.ai/_next/static/chunks/webpack-cf00c4c2b3467065.js]
[remover.zmo.ai/_next/static/chunks/framework-2c5b42cc55ddee3a.js]
[remover.zmo.ai/_next/static/chunks/main-e07e77eb522894c5.js]
[remover.zmo.ai/_next/static/chunks/pages/_app-8601caea08f1c0b6.js]
[remover.zmo.ai/_next/static/chunks/0644c8cb-9130a867a285db54.js]
[remover.zmo.ai/_next/static/chunks/72a9c7f2-14499f4281a9a1f9.js]
[remover.zmo.ai/_next/static/chunks/999-8a6ca28cd97ce7d0.js]
[remover.zmo.ai/_next/static/chunks/208-73c6c70ea64de062.js]
[remover.zmo.ai/_next/static/chunks/803-de6d13136354efd1.js]
[remover.zmo.ai/_next/static/chunks/680-e84f2529be47c770.js]
[remover.zmo.ai/_next/static/chunks/557-00edc5c023aa1cf1.js]
[remover.zmo.ai/_next/static/chunks/741-cbc537749561c710.js]
[remover.zmo.ai/_next/static/chunks/pages/home-05259ca23f341c7e.js]
[remover.zmo.ai/_next/static/FA_BpzFSbvHKBiKl6aMXY/_buildManifest.js]
[remover.zmo.ai/_next/static/FA_BpzFSbvHKBiKl6aMXY/_ssgManifest.js]
[remover.zmo.ai/_next/static/FA_BpzFSbvHKBiKl6aMXY/_middlewareManifest.js]
[assets.zmoai.cn/ui/MSMSN/GIF/GIF1.gif]
[assets.zmoai.cn/ui/MSMSN/try_it_out/preview/100.jpg]
[assets.zmoai.cn/ui/MSMSN/try_it_out/preview/10_1.jpg]
[assets.zmoai.cn/ui/MSMSN/try_it_out/origin/7.jpg]
[assets.zmoai.cn/ui/MSMSN/try_it_out/preview/4.jpg]
[assets.zmoai.cn/ui/MSMSN/try_it_out/origin/9.jpg]
[assets.zmoai.cn/ui/MSMSN/try_it_out/preview/6.jpg]
[assets.zmoai.cn/ui/MSMSN/GIF/GIF2.gif]
[assets.zmoai.cn/ui/MSMSN/use_cases/600/E-commerce.jpg]
[assets.zmoai.cn/ui/MSMSN/use_cases/600/e.jpg]
[assets.zmoai.cn/ui/MSMSN/useText/Anime/1.jpg]
[assets.zmoai.cn/ui/MSMSN/useText/Anime/2.jpg]
[assets.zmoai.cn/ui/MSMSN/useText/Anime/3.jpg]
[assets.zmoai.cn/ui/MSMSN/useText/PhotoRealistic/1.jpg]
[assets.zmoai.cn/ui/MSMSN/useText/PhotoRealistic/2.jpg]
[assets.zmoai.cn/ui/MSMSN/useText/PhotoRealistic/3.jpg]
[assets.zmoai.cn/ui/MSMSN/useText/Illustration/1.jpg]
[assets.zmoai.cn/ui/MSMSN/useText/Illustration/2.jpg]
[assets.zmoai.cn/ui/MSMSN/useText/Illustration/3.jpg]
[assets.zmoai.cn/ui/MSMSN/useText/Art/1.jpg]
[assets.zmoai.cn/ui/MSMSN/useText/Art/2.jpg]
[assets.zmoai.cn/ui/MSMSN/useText/Art/3.jpg]
[assets.zmoai.cn/ui/MSMSN/useText/Design/1.jpg]
[assets.zmoai.cn/ui/MSMSN/useText/Design/2.jpg]
[assets.zmoai.cn/ui/MSMSN/useText/Design/3.jpg]
[remover.zmo.ai/index4dd8.html]
[remover.zmo.ai/static/favicon.html]
[remover.zmo.ai/_next/static/media/WorkSans-Regular.77cbbfca.ttf]
[remover.zmo.ai/_next/static/media/WorkSans-SemiBold.cf43ab68.ttf]
[remover.zmo.ai/_next/static/media/WorkSans-Bold.39b20d45.ttf]
[remover.zmo.ai/_next/static/media/WorkSans-Black.2f2b02c5.ttf]
[remover.zmo.ai/fonts/Poppins/Poppins-Thin.ttf]
[remover.zmo.ai/fonts/Poppins/Poppins-ExtraLight.ttf]
[remover.zmo.ai/fonts/Poppins/Poppins-Light.ttf]
[remover.zmo.ai/fonts/Poppins/Poppins-Regular.ttf]
[remover.zmo.ai/fonts/Poppins/Poppins-Medium.ttf]
[remover.zmo.ai/fonts/Poppins/Poppins-SemiBold.ttf]
[remover.zmo.ai/fonts/Poppins/Poppins-Bold.ttf]
[remover.zmo.ai/fonts/Poppins/Poppins-ExtraBold.ttf]
[remover.zmo.ai/_next/static/css/3d2b26f138cf0605.css]
[remover.zmo.ai/_next/static/css/b1bbefbb9c259241.css]
[remover.zmo.ai/fonts/Poppins/Poppins-Black.ttf]
